\pset format unaligned
\set ECHO none
_cdb_random_seeds

(1 row)
within_tolerance
t
t
t
t
t
t
t
t
t
t
t
t
t
t
t
t
t
t
t
t
(20 rows)
_cdb_random_seeds

(1 row)
within_tolerance
t
t
t
t
t
t
t
t
t
t
t
t
t
t
t
t
t
t
t
t
(20 rows)
_cdb_random_seeds

(1 row)
within_tolerance
t
t
t
t
t
t
t
t
t
t
t
t
t
t
t
t
t
t
t
t
(20 rows)
