\pset format unaligned
\set ECHO none
within_tolerance
t
(1 row)
